// Jest Snapshot v1, https://goo.gl/fbAQLP

exports[`<Board /> should render successfully 1`] = `
<div>
  <div
    class="board"
  >
    <div
      class="board-cell"
    />
    <div
      class="board-cell"
    />
    <div
      class="board-cell"
    />
    <div
      class="board-cell"
    />
    <div
      class="board-cell"
    />
    <div
      class="board-cell"
    />
    <div
      class="board-cell"
    />
    <div
      class="board-cell"
    />
    <div
      class="board-cell"
    />
    <div
      class="board-cell"
    />
    <div
      class="board-cell"
    />
    <div
      class="board-cell"
    />
    <div
      class="board-cell"
    />
    <div
      class="board-cell"
    />
    <div
      class="board-cell"
    />
    <div
      class="board-cell"
    />
    <div
      class="board-cell"
    />
    <div
      class="board-cell"
    />
    <div
      class="board-cell"
    />
    <div
      class="board-cell"
    />
    <div
      class="board-cell"
    />
    <div
      class="board-cell"
    />
    <div
      class="board-cell"
    />
    <div
      class="board-cell"
    />
    <div
      class="board-cell"
    />
    <div
      class="board-cell"
    />
    <div
      class="board-cell"
    />
    <div
      class="board-cell"
    />
    <div
      class="board-cell"
    />
    <div
      class="board-cell"
    />
    <div
      class="board-cell"
    />
    <div
      class="board-cell"
    />
    <div
      class="board-cell"
    />
    <div
      class="board-cell"
    />
    <div
      class="board-cell"
    />
    <div
      class="board-cell"
    />
    <div
      class="board-cell"
    />
    <div
      class="board-cell"
    />
    <div
      class="board-cell"
    />
    <div
      class="board-cell"
    />
    <div
      class="board-cell"
    />
    <div
      class="board-cell"
    />
    <div
      class="board-cell"
    />
    <div
      class="board-cell"
    />
    <div
      class="board-cell"
    />
    <div
      class="board-cell"
    />
    <div
      class="board-cell"
    />
    <div
      class="board-cell"
    />
    <div
      class="board-cell"
    />
    <div
      class="board-cell"
    />
    <div
      class="board-cell"
    />
    <div
      class="board-cell"
    />
    <div
      class="board-cell"
    />
    <div
      class="board-cell"
    />
    <div
      class="board-cell"
    />
    <div
      class="board-cell"
    />
    <div
      class="board-cell"
    />
    <div
      class="board-cell"
    />
    <div
      class="board-cell"
    />
    <div
      class="board-cell"
    />
    <div
      class="board-cell"
    />
    <div
      class="board-cell"
    />
    <div
      class="board-cell"
    />
    <div
      class="board-cell"
    />
    <div
      class="board-cell"
    />
    <div
      class="board-cell"
    />
    <div
      class="board-cell"
    />
    <div
      class="board-cell"
    />
    <div
      class="board-cell"
    />
    <div
      class="board-cell"
    />
    <div
      class="board-cell"
    />
    <div
      class="board-cell"
    />
    <div
      class="board-cell"
    />
    <div
      class="board-cell"
    />
    <div
      class="board-cell"
    />
    <div
      class="board-cell"
    />
    <div
      class="board-cell"
    />
    <div
      class="board-cell"
    />
    <div
      class="board-cell"
    />
    <div
      class="board-cell"
    />
    <div
      class="board-cell"
    />
    <div
      class="board-cell"
    />
    <div
      class="board-cell"
    />
    <div
      class="board-cell"
    />
    <div
      class="board-cell"
    />
    <div
      class="board-cell"
    />
    <div
      class="board-cell"
    />
    <div
      class="board-cell"
    />
    <div
      class="board-cell"
    />
    <div
      class="board-cell"
    />
    <div
      class="board-cell"
    />
    <div
      class="board-cell"
    />
    <div
      class="board-cell"
    />
    <div
      class="board-cell"
    />
    <div
      class="board-cell"
    />
    <div
      class="board-cell"
    />
    <div
      class="bricks-container"
    />
  </div>
</div>
`;
