// Jest Snapshot v1, https://goo.gl/fbAQLP

exports[`<App /> should render properly 1`] = `
<div>
  <div
    class="container"
  >
    <header>
      <h1>
        Tetris game
      </h1>
      <button
        class="btn btn-start-game"
      >
        Start Game
      </button>
    </header>
    <div
      class="board"
    >
      <div
        class="board-cell"
      />
      <div
        class="board-cell"
      />
      <div
        class="board-cell"
      />
      <div
        class="board-cell"
      />
      <div
        class="board-cell"
      />
      <div
        class="board-cell"
      />
      <div
        class="board-cell"
      />
      <div
        class="board-cell"
      />
      <div
        class="board-cell"
      />
      <div
        class="board-cell"
      />
      <div
        class="board-cell"
      />
      <div
        class="board-cell"
      />
      <div
        class="board-cell"
      />
      <div
        class="board-cell"
      />
      <div
        class="board-cell"
      />
      <div
        class="board-cell"
      />
      <div
        class="board-cell"
      />
      <div
        class="board-cell"
      />
      <div
        class="board-cell"
      />
      <div
        class="board-cell"
      />
      <div
        class="board-cell"
      />
      <div
        class="board-cell"
      />
      <div
        class="board-cell"
      />
      <div
        class="board-cell"
      />
      <div
        class="board-cell"
      />
      <div
        class="board-cell"
      />
      <div
        class="board-cell"
      />
      <div
        class="board-cell"
      />
      <div
        class="board-cell"
      />
      <div
        class="board-cell"
      />
      <div
        class="board-cell"
      />
      <div
        class="board-cell"
      />
      <div
        class="board-cell"
      />
      <div
        class="board-cell"
      />
      <div
        class="board-cell"
      />
      <div
        class="board-cell"
      />
      <div
        class="board-cell"
      />
      <div
        class="board-cell"
      />
      <div
        class="board-cell"
      />
      <div
        class="board-cell"
      />
      <div
        class="board-cell"
      />
      <div
        class="board-cell"
      />
      <div
        class="board-cell"
      />
      <div
        class="board-cell"
      />
      <div
        class="board-cell"
      />
      <div
        class="board-cell"
      />
      <div
        class="board-cell"
      />
      <div
        class="board-cell"
      />
      <div
        class="board-cell"
      />
      <div
        class="board-cell"
      />
      <div
        class="board-cell"
      />
      <div
        class="board-cell"
      />
      <div
        class="board-cell"
      />
      <div
        class="board-cell"
      />
      <div
        class="board-cell"
      />
      <div
        class="board-cell"
      />
      <div
        class="board-cell"
      />
      <div
        class="board-cell"
      />
      <div
        class="board-cell"
      />
      <div
        class="board-cell"
      />
      <div
        class="board-cell"
      />
      <div
        class="board-cell"
      />
      <div
        class="board-cell"
      />
      <div
        class="board-cell"
      />
      <div
        class="board-cell"
      />
      <div
        class="board-cell"
      />
      <div
        class="board-cell"
      />
      <div
        class="board-cell"
      />
      <div
        class="board-cell"
      />
      <div
        class="board-cell"
      />
      <div
        class="board-cell"
      />
      <div
        class="board-cell"
      />
      <div
        class="board-cell"
      />
      <div
        class="board-cell"
      />
      <div
        class="board-cell"
      />
      <div
        class="board-cell"
      />
      <div
        class="board-cell"
      />
      <div
        class="board-cell"
      />
      <div
        class="board-cell"
      />
      <div
        class="board-cell"
      />
      <div
        class="board-cell"
      />
      <div
        class="board-cell"
      />
      <div
        class="board-cell"
      />
      <div
        class="board-cell"
      />
      <div
        class="board-cell"
      />
      <div
        class="board-cell"
      />
      <div
        class="board-cell"
      />
      <div
        class="board-cell"
      />
      <div
        class="board-cell"
      />
      <div
        class="board-cell"
      />
      <div
        class="board-cell"
      />
      <div
        class="board-cell"
      />
      <div
        class="board-cell"
      />
      <div
        class="board-cell"
      />
      <div
        class="board-cell"
      />
      <div
        class="board-cell"
      />
      <div
        class="bricks-container"
      />
    </div>
  </div>
</div>
`;
